#-----------------------------------------------------------
# Vivado v2023.2 (64-bit)
# SW Build 4029153 on Fri Oct 13 20:14:34 MDT 2023
# IP Build 4028589 on Sat Oct 14 00:45:43 MDT 2023
# SharedData Build 4025554 on Tue Oct 10 17:18:54 MDT 2023
# Start of session at: Sun Jun  8 20:04:10 2025
# Process ID: 7200
# Current directory: C:/Users/enzof/OneDrive/Desktop/Basys-3-XADC-2018.2-3-20250607T134110Z-1-001/Basys-3-XADC-2018.2-3/vivado_proj/Basys-3-XADC.runs/impl_1
# Command line: vivado.exe -log XADCdemo.vdi -applog -product Vivado -messageDb vivado.pb -mode batch -source XADCdemo.tcl -notrace
# Log file: C:/Users/enzof/OneDrive/Desktop/Basys-3-XADC-2018.2-3-20250607T134110Z-1-001/Basys-3-XADC-2018.2-3/vivado_proj/Basys-3-XADC.runs/impl_1/XADCdemo.vdi
# Journal file: C:/Users/enzof/OneDrive/Desktop/Basys-3-XADC-2018.2-3-20250607T134110Z-1-001/Basys-3-XADC-2018.2-3/vivado_proj/Basys-3-XADC.runs/impl_1\vivado.jou
# Running On: enzo, OS: Windows, CPU Frequency: 3493 MHz, CPU Physical cores: 4, Host memory: 17105 MB
#-----------------------------------------------------------
source XADCdemo.tcl -notrace
