#-----------------------------------------------------------
# Vivado v2023.2 (64-bit)
# SW Build 4029153 on Fri Oct 13 20:14:34 MDT 2023
# IP Build 4028589 on Sat Oct 14 00:45:43 MDT 2023
# SharedData Build 4025554 on Tue Oct 10 17:18:54 MDT 2023
# Start of session at: Fri Jun  6 11:37:24 2025
# Process ID: 12792
# Current directory: C:/Users/enzof/OneDrive/Desktop/Basys-3-XADC-2018.2-3/vivado_proj/Basys-3-XADC.runs/c_counter_binary_0_synth_1
# Command line: vivado.exe -log c_counter_binary_0.vds -product Vivado -mode batch -messageDb vivado.pb -notrace -source c_counter_binary_0.tcl
# Log file: C:/Users/enzof/OneDrive/Desktop/Basys-3-XADC-2018.2-3/vivado_proj/Basys-3-XADC.runs/c_counter_binary_0_synth_1/c_counter_binary_0.vds
# Journal file: C:/Users/enzof/OneDrive/Desktop/Basys-3-XADC-2018.2-3/vivado_proj/Basys-3-XADC.runs/c_counter_binary_0_synth_1\vivado.jou
# Running On: enzo, OS: Windows, CPU Frequency: 3493 MHz, CPU Physical cores: 4, Host memory: 17105 MB
#-----------------------------------------------------------
source c_counter_binary_0.tcl -notrace
